add r1,r2
add r3,r4 
add r1,r2
add r1,r2
add r0,r1
add r3,r4 
add r1,r2
add r1,r2
