              2  0  
100       .....././///..
101       .../.....///..

